2026-02-06 18:03:32,156 [INFO] Starting terrain computation...
2026-02-06 18:03:32,157 [INFO] Fetching stock data from yfinance...
2026-02-06 18:03:37,729 [INFO] Fetched 17 stocks, 251 days
2026-02-06 18:03:37,730 [INFO] Computed log returns: (250, 17)
2026-02-06 18:03:37,730 [INFO] Computed correlation matrix: (17, 17)
2026-02-06 18:03:37,730 [INFO] Computed Mantegna distance matrix
2026-02-06 18:03:40,389 [INFO] UMAP projected 17 stocks to 2D
2026-02-06 18:03:40,399 [INFO] Terrain built: 10000 vertices, 19602 faces, 17 stocks
2026-02-06 18:49:07,813 [INFO] Starting terrain computation for metric=correlation...
2026-02-06 18:49:07,813 [INFO] Fetching stock data from yfinance...
2026-02-06 18:49:12,472 [INFO] Fetched 17 stocks, 251 days
2026-02-06 18:49:12,473 [INFO] Computed log returns: (250, 17)
2026-02-06 18:49:12,473 [INFO] Computed correlation matrix: (17, 17)
2026-02-06 18:49:12,474 [INFO] Computed Mantegna distance matrix
2026-02-06 18:49:14,982 [INFO] UMAP projected 17 stocks to 2D
2026-02-06 18:49:15,046 [INFO] Terrain built: 10000 vertices, 19602 faces, 17 stocks
2026-02-06 18:49:19,394 [INFO] Starting terrain computation for metric=institutional...
2026-02-06 18:49:19,394 [INFO] Fetching stock data from yfinance...
2026-02-06 18:49:23,662 [INFO] Fetched 17 stocks, 251 days
2026-02-06 18:49:23,662 [INFO] Computing institutional ownership distance...
2026-02-06 18:49:25,283 [INFO] Computed institutional distance matrix
2026-02-06 18:49:25,519 [INFO] UMAP projected 17 stocks to 2D
2026-02-06 18:49:25,526 [INFO] Terrain built: 10000 vertices, 19602 faces, 17 stocks
2026-02-06 18:49:29,663 [INFO] Starting terrain computation for metric=news...
2026-02-06 18:49:29,664 [INFO] Fetching stock data from yfinance...
2026-02-06 18:49:33,749 [INFO] Fetched 17 stocks, 251 days
2026-02-06 18:49:33,749 [INFO] Computing news co-occurrence distance...
2026-02-06 18:49:36,091 [WARNING] No news co-occurrence data found, falling back to return correlation
2026-02-06 18:49:40,394 [INFO] Computed news distance matrix
2026-02-06 18:49:40,617 [INFO] UMAP projected 17 stocks to 2D
2026-02-06 18:49:40,624 [INFO] Terrain built: 10000 vertices, 19602 faces, 17 stocks
2026-02-06 18:54:21,012 [INFO] Starting terrain computation for metric=institutional...
2026-02-06 18:54:21,013 [INFO] Fetching stock data from yfinance...
2026-02-06 18:54:26,328 [INFO] Fetched 17 stocks, 251 days
2026-02-06 18:54:26,328 [INFO] Computing institutional ownership distance...
2026-02-06 18:54:27,693 [INFO] Computed institutional distance matrix
2026-02-06 18:54:30,164 [INFO] UMAP projected 17 stocks to 2D
2026-02-06 18:54:30,170 [INFO] Terrain built: 10000 vertices, 19602 faces, 17 stocks
2026-02-06 18:54:35,852 [INFO] Starting terrain computation for metric=news...
2026-02-06 18:54:35,852 [INFO] Fetching stock data from yfinance...
2026-02-06 18:54:39,696 [INFO] Fetched 17 stocks, 251 days
2026-02-06 18:54:39,697 [INFO] Computing news co-occurrence distance...
2026-02-06 18:54:42,113 [WARNING] No news co-occurrence data found, falling back to return correlation
2026-02-06 18:54:46,541 [INFO] Computed news distance matrix
2026-02-06 18:54:46,780 [INFO] UMAP projected 17 stocks to 2D
2026-02-06 18:54:46,786 [INFO] Terrain built: 10000 vertices, 19602 faces, 17 stocks
2026-02-06 19:13:00,122 [INFO] Starting terrain computation for metric=correlation...
2026-02-06 19:13:00,122 [INFO] Fetching stock data from yfinance...
2026-02-06 19:13:05,753 [INFO] Fetched 17 stocks, 251 days
2026-02-06 19:13:05,754 [INFO] Computed log returns: (250, 17)
2026-02-06 19:13:05,754 [INFO] Computed correlation matrix: (17, 17)
2026-02-06 19:13:05,754 [INFO] Computed Mantegna distance matrix
2026-02-06 19:13:08,405 [INFO] UMAP projected 17 stocks to 2D
2026-02-06 19:13:08,412 [INFO] Terrain built: 10000 vertices, 19602 faces, 17 stocks
2026-02-06 19:20:01,093 [INFO] Starting timelapse computation: windows=12, window_size=90
2026-02-06 19:20:06,984 [INFO] Fetched 17 stocks, 251 days
2026-02-06 19:20:07,000 [INFO] Computed 12 rolling distance matrices
2026-02-06 19:20:11,989 [INFO] Aligned embeddings with Procrustes
2026-02-06 19:20:12,290 [INFO] Built 12 timelapse snapshots
2026-02-06 19:21:00,014 [INFO] Starting terrain computation for metric=institutional...
2026-02-06 19:21:00,014 [INFO] Fetching stock data from yfinance...
2026-02-06 19:21:04,015 [INFO] Fetched 17 stocks, 251 days
2026-02-06 19:21:04,015 [INFO] Computing institutional ownership distance...
2026-02-06 19:21:05,468 [INFO] Computed institutional distance matrix
2026-02-06 19:21:05,741 [INFO] UMAP projected 17 stocks to 2D
2026-02-06 19:21:05,749 [INFO] Terrain built: 10000 vertices, 19602 faces, 17 stocks
